// Jest Snapshot v1, https://goo.gl/fbAQLP

exports[`FilterPipe filterPipe should filter two items 1`] = `
Array [
  Object {
    "id": 1,
    "name": "Hans",
  },
  Object {
    "id": 2,
    "name": "Hans",
  },
]
`;
