// Jest Snapshot v1, https://goo.gl/fbAQLP

exports[`FilterPipe filterPipe should filter two items 1`] = `
[
  {
    "id": 1,
    "name": "Hans",
  },
  {
    "id": 2,
    "name": "Hans",
  },
]
`;
